Archive member included to satisfy reference by file (symbol)

/home/kamil/Software/eclipse/plugins/fr.ac6.mcu.externaltools.arm-none.linux64_1.15.0.201708311556/tools/compiler/bin/../lib/gcc/arm-none-eabi/6.3.1/../../../../arm-none-eabi/lib/thumb/v7e-m/fpv4-sp/hard/libm.a(lib_a-w_sqrt.o)
                              Application/User/MadgwickAHRS.o (sqrt)
/home/kamil/Software/eclipse/plugins/fr.ac6.mcu.externaltools.arm-none.linux64_1.15.0.201708311556/tools/compiler/bin/../lib/gcc/arm-none-eabi/6.3.1/../../../../arm-none-eabi/lib/thumb/v7e-m/fpv4-sp/hard/libm.a(lib_a-e_sqrt.o)
                              /home/kamil/Software/eclipse/plugins/fr.ac6.mcu.externaltools.arm-none.linux64_1.15.0.201708311556/tools/compiler/bin/../lib/gcc/arm-none-eabi/6.3.1/../../../../arm-none-eabi/lib/thumb/v7e-m/fpv4-sp/hard/libm.a(lib_a-w_sqrt.o) (__ieee754_sqrt)
/home/kamil/Software/eclipse/plugins/fr.ac6.mcu.externaltools.arm-none.linux64_1.15.0.201708311556/tools/compiler/bin/../lib/gcc/arm-none-eabi/6.3.1/../../../../arm-none-eabi/lib/thumb/v7e-m/fpv4-sp/hard/libm.a(lib_a-s_lib_ver.o)
                              /home/kamil/Software/eclipse/plugins/fr.ac6.mcu.externaltools.arm-none.linux64_1.15.0.201708311556/tools/compiler/bin/../lib/gcc/arm-none-eabi/6.3.1/../../../../arm-none-eabi/lib/thumb/v7e-m/fpv4-sp/hard/libm.a(lib_a-w_sqrt.o) (__fdlib_version)
/home/kamil/Software/eclipse/plugins/fr.ac6.mcu.externaltools.arm-none.linux64_1.15.0.201708311556/tools/compiler/bin/../lib/gcc/arm-none-eabi/6.3.1/../../../../arm-none-eabi/lib/thumb/v7e-m/fpv4-sp/hard/libm.a(lib_a-s_matherr.o)
                              /home/kamil/Software/eclipse/plugins/fr.ac6.mcu.externaltools.arm-none.linux64_1.15.0.201708311556/tools/compiler/bin/../lib/gcc/arm-none-eabi/6.3.1/../../../../arm-none-eabi/lib/thumb/v7e-m/fpv4-sp/hard/libm.a(lib_a-w_sqrt.o) (matherr)
/home/kamil/Software/eclipse/plugins/fr.ac6.mcu.externaltools.arm-none.linux64_1.15.0.201708311556/tools/compiler/bin/../lib/gcc/arm-none-eabi/6.3.1/thumb/v7e-m/fpv4-sp/hard/libgcc.a(_arm_addsubdf3.o)
                              /home/kamil/Software/eclipse/plugins/fr.ac6.mcu.externaltools.arm-none.linux64_1.15.0.201708311556/tools/compiler/bin/../lib/gcc/arm-none-eabi/6.3.1/../../../../arm-none-eabi/lib/thumb/v7e-m/fpv4-sp/hard/libm.a(lib_a-e_sqrt.o) (__aeabi_dsub)
/home/kamil/Software/eclipse/plugins/fr.ac6.mcu.externaltools.arm-none.linux64_1.15.0.201708311556/tools/compiler/bin/../lib/gcc/arm-none-eabi/6.3.1/thumb/v7e-m/fpv4-sp/hard/libgcc.a(_arm_muldivdf3.o)
                              Application/User/main.o (__aeabi_dmul)
/home/kamil/Software/eclipse/plugins/fr.ac6.mcu.externaltools.arm-none.linux64_1.15.0.201708311556/tools/compiler/bin/../lib/gcc/arm-none-eabi/6.3.1/thumb/v7e-m/fpv4-sp/hard/libgcc.a(_arm_cmpdf2.o)
                              /home/kamil/Software/eclipse/plugins/fr.ac6.mcu.externaltools.arm-none.linux64_1.15.0.201708311556/tools/compiler/bin/../lib/gcc/arm-none-eabi/6.3.1/../../../../arm-none-eabi/lib/thumb/v7e-m/fpv4-sp/hard/libm.a(lib_a-w_sqrt.o) (__aeabi_dcmplt)
/home/kamil/Software/eclipse/plugins/fr.ac6.mcu.externaltools.arm-none.linux64_1.15.0.201708311556/tools/compiler/bin/../lib/gcc/arm-none-eabi/6.3.1/thumb/v7e-m/fpv4-sp/hard/libgcc.a(_arm_unorddf2.o)
                              /home/kamil/Software/eclipse/plugins/fr.ac6.mcu.externaltools.arm-none.linux64_1.15.0.201708311556/tools/compiler/bin/../lib/gcc/arm-none-eabi/6.3.1/../../../../arm-none-eabi/lib/thumb/v7e-m/fpv4-sp/hard/libm.a(lib_a-w_sqrt.o) (__aeabi_dcmpun)
/home/kamil/Software/eclipse/plugins/fr.ac6.mcu.externaltools.arm-none.linux64_1.15.0.201708311556/tools/compiler/bin/../lib/gcc/arm-none-eabi/6.3.1/thumb/v7e-m/fpv4-sp/hard/libgcc.a(_arm_truncdfsf2.o)
                              Application/User/MadgwickAHRS.o (__aeabi_d2f)
/home/kamil/Software/eclipse/plugins/fr.ac6.mcu.externaltools.arm-none.linux64_1.15.0.201708311556/tools/compiler/bin/../lib/gcc/arm-none-eabi/6.3.1/thumb/v7e-m/fpv4-sp/hard/libgcc.a(_aeabi_uldivmod.o)
                              Drivers/STM32L4xx_HAL_Driver/stm32l4xx_hal_uart.o (__aeabi_uldivmod)
/home/kamil/Software/eclipse/plugins/fr.ac6.mcu.externaltools.arm-none.linux64_1.15.0.201708311556/tools/compiler/bin/../lib/gcc/arm-none-eabi/6.3.1/thumb/v7e-m/fpv4-sp/hard/libgcc.a(_udivmoddi4.o)
                              /home/kamil/Software/eclipse/plugins/fr.ac6.mcu.externaltools.arm-none.linux64_1.15.0.201708311556/tools/compiler/bin/../lib/gcc/arm-none-eabi/6.3.1/thumb/v7e-m/fpv4-sp/hard/libgcc.a(_aeabi_uldivmod.o) (__udivmoddi4)
/home/kamil/Software/eclipse/plugins/fr.ac6.mcu.externaltools.arm-none.linux64_1.15.0.201708311556/tools/compiler/bin/../lib/gcc/arm-none-eabi/6.3.1/thumb/v7e-m/fpv4-sp/hard/libgcc.a(_dvmd_tls.o)
[...]
Memory Configuration

Name             Origin             Length             Attributes
RAM              0x0000000020000000 0x0000000000018000 xrw
RAM2             0x0000000010000000 0x0000000000008000 xrw
FLASH            0x0000000008000000 0x0000000000100000 xr
*default*        0x0000000000000000 0xffffffffffffffff

Linker script and memory map

LOAD /home/kamil/Software/eclipse/plugins/fr.ac6.mcu.externaltools.arm-none.linux64_1.15.0.201708311556/tools/compiler/bin/../lib/gcc/arm-none-eabi/6.3.1/thumb/v7e-m/fpv4-sp/hard/crti.o
LOAD /home/kamil/Software/eclipse/plugins/fr.ac6.mcu.externaltools.arm-none.linux64_1.15.0.201708311556/tools/compiler/bin/../lib/gcc/arm-none-eabi/6.3.1/thumb/v7e-m/fpv4-sp/hard/crtbegin.o
LOAD /home/kamil/Software/eclipse/plugins/fr.ac6.mcu.externaltools.arm-none.linux64_1.15.0.201708311556/tools/compiler/bin/../lib/gcc/arm-none-eabi/6.3.1/../../../../arm-none-eabi/lib/thumb/v7e-m/fpv4-sp/hard/crt0.o
LOAD Application/SW4STM32/startup_stm32l476xx.o
LOAD Application/User/MadgwickAHRS.o
LOAD Application/User/lsm6ds0_msg.pb.o
LOAD Application/User/main.o
LOAD Application/User/pb_common.o
LOAD Application/User/pb_encode.o
LOAD Application/User/stm32l4xx_hal_msp.o
LOAD Application/User/stm32l4xx_it.o
LOAD Drivers/CMSIS/system_stm32l4xx.o
LOAD Drivers/STM32L4xx_HAL_Driver/stm32l4xx_hal.o
LOAD Drivers/STM32L4xx_HAL_Driver/stm32l4xx_hal_cortex.o
LOAD Drivers/STM32L4xx_HAL_Driver/stm32l4xx_hal_dma.o
LOAD Drivers/STM32L4xx_HAL_Driver/stm32l4xx_hal_flash.o
LOAD Drivers/STM32L4xx_HAL_Driver/stm32l4xx_hal_flash_ex.o
LOAD Drivers/STM32L4xx_HAL_Driver/stm32l4xx_hal_flash_ramfunc.o
LOAD Drivers/STM32L4xx_HAL_Driver/stm32l4xx_hal_gpio.o
LOAD Drivers/STM32L4xx_HAL_Driver/stm32l4xx_hal_i2c.o
LOAD Drivers/STM32L4xx_HAL_Driver/stm32l4xx_hal_i2c_ex.o
LOAD Drivers/STM32L4xx_HAL_Driver/stm32l4xx_hal_pwr.o
LOAD Drivers/STM32L4xx_HAL_Driver/stm32l4xx_hal_pwr_ex.o
LOAD Drivers/STM32L4xx_HAL_Driver/stm32l4xx_hal_rcc.o
LOAD Drivers/STM32L4xx_HAL_Driver/stm32l4xx_hal_rcc_ex.o
LOAD Drivers/STM32L4xx_HAL_Driver/stm32l4xx_hal_tim.o
LOAD Drivers/STM32L4xx_HAL_Driver/stm32l4xx_hal_tim_ex.o
LOAD Drivers/STM32L4xx_HAL_Driver/stm32l4xx_hal_uart.o
LOAD Drivers/STM32L4xx_HAL_Driver/stm32l4xx_hal_uart_ex.o
LOAD /home/kamil/Software/eclipse/plugins/fr.ac6.mcu.externaltools.arm-none.linux64_1.15.0.201708311556/tools/compiler/bin/../lib/gcc/arm-none-eabi/6.3.1/../../../../arm-none-eabi/lib/thumb/v7e-m/fpv4-sp/hard/libm.a
START GROUP
LOAD /home/kamil/Software/eclipse/plugins/fr.ac6.mcu.externaltools.arm-none.linux64_1.15.0.201708311556/tools/compiler/bin/../lib/gcc/arm-none-eabi/6.3.1/thumb/v7e-m/fpv4-sp/hard/libgcc.a
LOAD /home/kamil/Software/eclipse/plugins/fr.ac6.mcu.externaltools.arm-none.linux64_1.15.0.201708311556/tools/compiler/bin/../lib/gcc/arm-none-eabi/6.3.1/../../../../arm-none-eabi/lib/thumb/v7e-m/fpv4-sp/hard/libc_nano.a
END GROUP
START GROUP
LOAD /home/kamil/Software/eclipse/plugins/fr.ac6.mcu.externaltools.arm-none.linux64_1.15.0.201708311556/tools/compiler/bin/../lib/gcc/arm-none-eabi/6.3.1/thumb/v7e-m/fpv4-sp/hard/libgcc.a
LOAD /home/kamil/Software/eclipse/plugins/fr.ac6.mcu.externaltools.arm-none.linux64_1.15.0.201708311556/tools/compiler/bin/../lib/gcc/arm-none-eabi/6.3.1/../../../../arm-none-eabi/lib/thumb/v7e-m/fpv4-sp/hard/libc_nano.a
LOAD /home/kamil/Software/eclipse/plugins/fr.ac6.mcu.externaltools.arm-none.linux64_1.15.0.201708311556/tools/compiler/bin/../lib/gcc/arm-none-eabi/6.3.1/../../../../arm-none-eabi/lib/thumb/v7e-m/fpv4-sp/hard/libnosys.a
END GROUP
START GROUP
LOAD /home/kamil/Software/eclipse/plugins/fr.ac6.mcu.externaltools.arm-none.linux64_1.15.0.201708311556/tools/compiler/bin/../lib/gcc/arm-none-eabi/6.3.1/thumb/v7e-m/fpv4-sp/hard/libgcc.a
LOAD /home/kamil/Software/eclipse/plugins/fr.ac6.mcu.externaltools.arm-none.linux64_1.15.0.201708311556/tools/compiler/bin/../lib/gcc/arm-none-eabi/6.3.1/../../../../arm-none-eabi/lib/thumb/v7e-m/fpv4-sp/hard/libc_nano.a
LOAD /home/kamil/Software/eclipse/plugins/fr.ac6.mcu.externaltools.arm-none.linux64_1.15.0.201708311556/tools/compiler/bin/../lib/gcc/arm-none-eabi/6.3.1/../../../../arm-none-eabi/lib/thumb/v7e-m/fpv4-sp/hard/libnosys.a
END GROUP
LOAD /home/kamil/Software/eclipse/plugins/fr.ac6.mcu.externaltools.arm-none.linux64_1.15.0.201708311556/tools/compiler/bin/../lib/gcc/arm-none-eabi/6.3.1/thumb/v7e-m/fpv4-sp/hard/crtend.o
LOAD /home/kamil/Software/eclipse/plugins/fr.ac6.mcu.externaltools.arm-none.linux64_1.15.0.201708311556/tools/compiler/bin/../lib/gcc/arm-none-eabi/6.3.1/thumb/v7e-m/fpv4-sp/hard/crtn.o
                0x0000000020018000                _estack = 0x20018000
                0x0000000000000200                _Min_Heap_Size = 0x200
                0x0000000000000400                _Min_Stack_Size = 0x400

.isr_vector     0x0000000008000000      0x188
                0x0000000008000000                . = ALIGN (0x8)
 *(.isr_vector)
 .isr_vector    0x0000000008000000      0x188 Application/SW4STM32/startup_stm32l476xx.o
                0x0000000008000000                g_pfnVectors
                0x0000000008000188                . = ALIGN (0x8)

.text           0x0000000008000188     0x4820
                0x0000000008000188                . = ALIGN (0x8)
 *(.text)
 .text          0x0000000008000188       0x6c /home/kamil/Software/eclipse/plugins/fr.ac6.mcu.externaltools.arm-none.linux64_1.15.0.201708311556/tools/compiler/bin/../lib/gcc/arm-none-eabi/6.3.1/thumb/v7e-m/fpv4-sp/hard/crtbegin.o
 .text          0x00000000080001f4      0x370 /home/kamil/Software/eclipse/plugins/fr.ac6.mcu.externaltools.arm-none.linux64_1.15.0.201708311556/tools/compiler/bin/../lib/gcc/arm-none-eabi/6.3.1/thumb/v7e-m/fpv4-sp/hard/libgcc.a(_arm_addsubdf3.o)
                0x00000000080001f4                __aeabi_drsub
                0x00000000080001fc                __aeabi_dsub
                0x00000000080001fc                __subdf3
                0x0000000008000200                __adddf3
                0x0000000008000200                __aeabi_dadd
                0x0000000008000478                __aeabi_ui2d
                0x0000000008000478                __floatunsidf
                0x0000000008000498                __floatsidf
                0x0000000008000498                __aeabi_i2d
                0x00000000080004bc                __extendsfdf2
                0x00000000080004bc                __aeabi_f2d
                0x00000000080004f8                __aeabi_ul2d
                0x00000000080004f8                __floatundidf
                0x0000000008000508                __floatdidf
                0x0000000008000508                __aeabi_l2d
 .text          0x0000000008000564      0x424 /home/kamil/Software/eclipse/plugins/fr.ac6.mcu.externaltools.arm-none.linux64_1.15.0.201708311556/tools/compiler/bin/../lib/gcc/arm-none-eabi/6.3.1/thumb/v7e-m/fpv4-sp/hard/libgcc.a(_arm_muldivdf3.o)
                0x0000000008000564                __aeabi_dmul
                0x0000000008000564                __muldf3
                0x00000000080007b8                __aeabi_ddiv
                0x00000000080007b8                __divdf3
 .text          0x0000000008000988       0xa0 /home/kamil/Software/eclipse/plugins/fr.ac6.mcu.externaltools.arm-none.linux64_1.15.0.201708311556/tools/compiler/bin/../lib/gcc/arm-none-eabi/6.3.1/thumb/v7e-m/fpv4-sp/hard/libgcc.a(_arm_truncdfsf2.o)
                0x0000000008000988                __aeabi_d2f
                0x0000000008000988                __truncdfsf2
 .text          0x0000000008000a28       0x30 /home/kamil/Software/eclipse/plugins/fr.ac6.mcu.externaltools.arm-none.linux64_1.15.0.201708311556/tools/compiler/bin/../lib/gcc/arm-none-eabi/6.3.1/thumb/v7e-m/fpv4-sp/hard/libgcc.a(_aeabi_uldivmod.o)
                0x0000000008000a28                __aeabi_uldivmod
 .text          0x0000000008000a58      0x2dc /home/kamil/Software/eclipse/plugins/fr.ac6.mcu.externaltools.arm-none.linux64_1.15.0.201708311556/tools/compiler/bin/../lib/gcc/arm-none-eabi/6.3.1/thumb/v7e-m/fpv4-sp/hard/libgcc.a(_udivmoddi4.o)
                0x0000000008000a58                __udivmoddi4
 .text          0x0000000008000d34        0x4 /home/kamil/Software/eclipse/plugins/fr.ac6.mcu.externaltools.arm-none.linux64_1.15.0.201708311556/tools/compiler/bin/../lib/gcc/arm-none-eabi/6.3.1/thumb/v7e-m/fpv4-sp/hard/libgcc.a(_dvmd_tls.o)
                0x0000000008000d34                __aeabi_ldiv0
                0x0000000008000d34                __aeabi_idiv0
 *(.text*)
 .text.Reset_Handler
                0x0000000008000d38       0x50 Application/SW4STM32/startup_stm32l476xx.o
                0x0000000008000d38                Reset_Handler
 .text.Default_Handler
                0x0000000008000d88        0x2 Application/SW4STM32/startup_stm32l476xx.o
                0x0000000008000d88                RTC_Alarm_IRQHandler
                0x0000000008000d88                EXTI2_IRQHandler
                0x0000000008000d88                TIM8_TRG_COM_IRQHandler
                0x0000000008000d88                TIM8_CC_IRQHandler
                0x0000000008000d88                DebugMon_Handler
                0x0000000008000d88                TIM1_CC_IRQHandler
                0x0000000008000d88                TSC_IRQHandler
                0x0000000008000d88                HardFault_Handler
                0x0000000008000d88                TAMP_STAMP_IRQHandler
                0x0000000008000d88                NMI_Handler
                0x0000000008000d88                EXTI3_IRQHandler
                0x0000000008000d88                LPTIM2_IRQHandler
                0x0000000008000d88                DFSDM1_FLT1_IRQHandler
                0x0000000008000d88                I2C3_ER_IRQHandler
                0x0000000008000d88                DFSDM1_FLT2_IRQHandler
                0x0000000008000d88                EXTI0_IRQHandler
                0x0000000008000d88                I2C2_EV_IRQHandler
                0x0000000008000d88                CAN1_RX0_IRQHandler
                0x0000000008000d88                FPU_IRQHandler
                0x0000000008000d88                TIM1_UP_TIM16_IRQHandler
                0x0000000008000d88                UsageFault_Handler
                0x0000000008000d88                ADC1_2_IRQHandler
                0x0000000008000d88                SPI1_IRQHandler
                0x0000000008000d88                TIM6_DAC_IRQHandler
                0x0000000008000d88                TIM8_UP_IRQHandler
                0x0000000008000d88                DMA2_Channel2_IRQHandler
                0x0000000008000d88                DMA1_Channel4_IRQHandler
                0x0000000008000d88                SAI2_IRQHandler
                0x0000000008000d88                DFSDM1_FLT3_IRQHandler
                0x0000000008000d88                USART3_IRQHandler
                0x0000000008000d88                CAN1_RX1_IRQHandler
                0x0000000008000d88                LCD_IRQHandler
                0x0000000008000d88                UART5_IRQHandler
                0x0000000008000d88                ADC3_IRQHandler
                0x0000000008000d88                TIM4_IRQHandler
                0x0000000008000d88                DMA2_Channel1_IRQHandler
                0x0000000008000d88                QUADSPI_IRQHandler
                0x0000000008000d88                I2C1_EV_IRQHandler
                0x0000000008000d88                UART4_IRQHandler
                0x0000000008000d88                DMA2_Channel4_IRQHandler
                0x0000000008000d88                TIM3_IRQHandler
                0x0000000008000d88                RCC_IRQHandler
                0x0000000008000d88                DMA1_Channel1_IRQHandler
                0x0000000008000d88                Default_Handler
                0x0000000008000d88                DMA2_Channel7_IRQHandler
                0x0000000008000d88                EXTI15_10_IRQHandler
                0x0000000008000d88                TIM7_IRQHandler
                0x0000000008000d88                SDMMC1_IRQHandler
                0x0000000008000d88                TIM5_IRQHandler
                0x0000000008000d88                I2C3_EV_IRQHandler
                0x0000000008000d88                EXTI9_5_IRQHandler
                0x0000000008000d88                RTC_WKUP_IRQHandler
                0x0000000008000d88                PVD_PVM_IRQHandler
                0x0000000008000d88                SPI2_IRQHandler
                0x0000000008000d88                MemManage_Handler
                0x0000000008000d88                CAN1_TX_IRQHandler
                0x0000000008000d88                DMA2_Channel5_IRQHandler
                0x0000000008000d88                DMA1_Channel5_IRQHandler
                0x0000000008000d88                EXTI4_IRQHandler
                0x0000000008000d88                RNG_IRQHandler
                0x0000000008000d88                TIM1_TRG_COM_TIM17_IRQHandler
                0x0000000008000d88                DMA1_Channel3_IRQHandler
                0x0000000008000d88                COMP_IRQHandler
                0x0000000008000d88                WWDG_IRQHandler
                0x0000000008000d88                LPUART1_IRQHandler
                0x0000000008000d88                DMA2_Channel6_IRQHandler
                0x0000000008000d88                TIM2_IRQHandler
                0x0000000008000d88                EXTI1_IRQHandler
                0x0000000008000d88                DFSDM1_FLT0_IRQHandler
                0x0000000008000d88                I2C2_ER_IRQHandler
                0x0000000008000d88                DMA1_Channel2_IRQHandler
                0x0000000008000d88                TIM8_BRK_IRQHandler
                0x0000000008000d88                CAN1_SCE_IRQHandler
                0x0000000008000d88                FLASH_IRQHandler
                0x0000000008000d88                BusFault_Handler
                0x0000000008000d88                USART1_IRQHandler
                0x0000000008000d88                OTG_FS_IRQHandler
                0x0000000008000d88                SPI3_IRQHandler
                0x0000000008000d88                I2C1_ER_IRQHandler
                0x0000000008000d88                FMC_IRQHandler
                0x0000000008000d88                SWPMI1_IRQHandler
                0x0000000008000d88                LPTIM1_IRQHandler
                0x0000000008000d88                SAI1_IRQHandler
                0x0000000008000d88                DMA2_Channel3_IRQHandler
                0x0000000008000d88                TIM1_BRK_TIM15_IRQHandler
 *fill*         0x0000000008000d8a        0x2 
 .text.invSqrt  0x0000000008000d8c       0x30 Application/User/MadgwickAHRS.o
                0x0000000008000d8c                invSqrt
 .text.MadgwickAHRSupdateIMU
                0x0000000008000dbc      0x360 Application/User/MadgwickAHRS.o
                0x0000000008000dbc                MadgwickAHRSupdateIMU
 .text.MX_GPIO_Init
                0x000000000800111c       0x6c Application/User/main.o
 .text.MX_DMA_Init
                0x0000000008001188       0x44 Application/User/main.o
 .text._Error_Handler
                0x00000000080011cc        0x2 Application/User/main.o
                0x00000000080011cc                _Error_Handler
 *fill*         0x00000000080011ce        0x2 
 .text.MX_I2C1_Init
                0x00000000080011d0       0x68 Application/User/main.o
 .text.MX_USART2_UART_Init
                0x0000000008001238       0x40 Application/User/main.o
 .text.SystemClock_Config
                0x0000000008001278       0xbc Application/User/main.o
                0x0000000008001278                SystemClock_Config
 *fill*         0x0000000008001334        0x4 
 .text.main     0x0000000008001338      0x2f4 Application/User/main.o
                0x0000000008001338                main
 .text.pb_field_iter_begin
                0x000000000800162c       0x22 Application/User/pb_common.o
                0x000000000800162c                pb_field_iter_begin
 .text.pb_field_iter_next
                0x000000000800164e       0x7e Application/User/pb_common.o
                0x000000000800164e                pb_field_iter_next
 .text.buf_write
                0x00000000080016cc       0x1e Application/User/pb_encode.o
 *fill*         0x00000000080016ea        0x2 
 .text.encode_callback_field
                0x00000000080016ec       0x28 Application/User/pb_encode.o
 .text.pb_const_cast
                0x0000000008001714        0x2 Application/User/pb_encode.o
 .text.pb_check_proto3_default_value
                0x0000000008001716       0x92 Application/User/pb_encode.o
 .text.pb_ostream_from_buffer
                0x00000000080017a8       0x1c Application/User/pb_encode.o
                0x00000000080017a8                pb_ostream_from_buffer
 .text.pb_write
                0x00000000080017c4       0x4c Application/User/pb_encode.o
                0x00000000080017c4                pb_write
 .text.pb_encode_varint
                0x0000000008001810       0x5c Application/User/pb_encode.o
                0x0000000008001810                pb_encode_varint
 .text.pb_enc_uvarint
                0x000000000800186c       0x44 Application/User/pb_encode.o
 .text.pb_enc_varint
                0x00000000080018b0       0x48 Application/User/pb_encode.o
 .text.pb_encode_svarint
                0x00000000080018f8       0x1e Application/User/pb_encode.o
                0x00000000080018f8                pb_encode_svarint
 *fill*         0x0000000008001916        0x2 
 .text.pb_enc_svarint
                0x0000000008001918       0x48 Application/User/pb_encode.o
 .text.pb_encode_fixed32
                0x0000000008001960       0x30 Application/User/pb_encode.o
                0x0000000008001960                pb_encode_fixed32
 .text.pb_enc_fixed32
                0x0000000008001990        0xa Application/User/pb_encode.o
 .text.pb_encode_fixed64
                0x000000000800199a       0x4a Application/User/pb_encode.o
                0x000000000800199a                pb_encode_fixed64
 .text.pb_enc_fixed64
                0x00000000080019e4        0xa Application/User/pb_encode.o
 .text.pb_encode_tag
                0x00000000080019ee       0x14 Application/User/pb_encode.o
                0x00000000080019ee                pb_encode_tag
 *fill*         0x0000000008001a02        0x2 
 .text.pb_encode_tag_for_field
                0x0000000008001a04       0x44 Application/User/pb_encode.o
                0x0000000008001a04                pb_encode_tag_for_field
 .text.encode_array
                0x0000000008001a48      0x138 Application/User/pb_encode.o
 .text.encode_basic_field
                0x0000000008001b80      0x110 Application/User/pb_encode.o
 .text.encode_field
                0x0000000008001c90       0x30 Application/User/pb_encode.o
 .text.default_extension_encoder
                0x0000000008001cc0       0x24 Application/User/pb_encode.o
 .text.encode_extension_field
                0x0000000008001ce4       0x2a Application/User/pb_encode.o
 .text.pb_encode
                0x0000000008001d0e       0x58 Application/User/pb_encode.o
                0x0000000008001d0e                pb_encode
 .text.pb_encode_string
                0x0000000008001d66       0x24 Application/User/pb_encode.o
                0x0000000008001d66                pb_encode_string
 .text.pb_enc_fixed_length_bytes
                0x0000000008001d8a        0xe Application/User/pb_encode.o
 .text.pb_enc_string
                0x0000000008001d98       0x38 Application/User/pb_encode.o
 .text.pb_enc_bytes
                0x0000000008001dd0       0x3c Application/User/pb_encode.o
 .text.pb_encode_submessage
                0x0000000008001e0c       0xa8 Application/User/pb_encode.o
                0x0000000008001e0c                pb_encode_submessage
 .text.pb_enc_submessage
                0x0000000008001eb4       0x20 Application/User/pb_encode.o
 .text.HAL_MspInit
                0x0000000008001ed4       0x90 Application/User/stm32l4xx_hal_msp.o
                0x0000000008001ed4                HAL_MspInit
 .text.HAL_I2C_MspInit
                0x0000000008001f64       0x54 Application/User/stm32l4xx_hal_msp.o
                0x0000000008001f64                HAL_I2C_MspInit
 .text.HAL_UART_MspInit
                0x0000000008001fb8       0xd4 Application/User/stm32l4xx_hal_msp.o
                0x0000000008001fb8                HAL_UART_MspInit
 .text.SVC_Handler
                0x000000000800208c        0x2 Application/User/stm32l4xx_it.o
                0x000000000800208c                SVC_Handler
 .text.PendSV_Handler
                0x000000000800208e        0x2 Application/User/stm32l4xx_it.o
                0x000000000800208e                PendSV_Handler
 .text.SysTick_Handler
                0x0000000008002090        0xc Application/User/stm32l4xx_it.o
                0x0000000008002090                SysTick_Handler
 .text.DMA1_Channel6_IRQHandler
                0x000000000800209c       0x10 Application/User/stm32l4xx_it.o
                0x000000000800209c                DMA1_Channel6_IRQHandler
 .text.DMA1_Channel7_IRQHandler
                0x00000000080020ac       0x10 Application/User/stm32l4xx_it.o
                0x00000000080020ac                DMA1_Channel7_IRQHandler
 .text.USART2_IRQHandler
                0x00000000080020bc       0x10 Application/User/stm32l4xx_it.o
                0x00000000080020bc                USART2_IRQHandler
 .text.SystemInit
                0x00000000080020cc       0x48 Drivers/CMSIS/system_stm32l4xx.o
                0x00000000080020cc                SystemInit
 .text.HAL_InitTick
                0x0000000008002114       0x2c Drivers/STM32L4xx_HAL_Driver/stm32l4xx_hal.o
                0x0000000008002114                HAL_InitTick
 .text.HAL_Init
                0x0000000008002140       0x24 Drivers/STM32L4xx_HAL_Driver/stm32l4xx_hal.o
                0x0000000008002140                HAL_Init
 .text.HAL_IncTick
                0x0000000008002164       0x10 Drivers/STM32L4xx_HAL_Driver/stm32l4xx_hal.o
                0x0000000008002164                HAL_IncTick
 .text.HAL_GetTick
                0x0000000008002174        0xc Drivers/STM32L4xx_HAL_Driver/stm32l4xx_hal.o
                0x0000000008002174                HAL_GetTick
 .text.HAL_NVIC_SetPriorityGrouping
                0x0000000008002180       0x24 Drivers/STM32L4xx_HAL_Driver/stm32l4xx_hal_cortex.o
                0x0000000008002180                HAL_NVIC_SetPriorityGrouping
 .text.HAL_NVIC_SetPriority
                0x00000000080021a4       0x64 Drivers/STM32L4xx_HAL_Driver/stm32l4xx_hal_cortex.o
                0x00000000080021a4                HAL_NVIC_SetPriority
 .text.HAL_NVIC_EnableIRQ
                0x0000000008002208       0x18 Drivers/STM32L4xx_HAL_Driver/stm32l4xx_hal_cortex.o
                0x0000000008002208                HAL_NVIC_EnableIRQ
 .text.HAL_SYSTICK_Config
                0x0000000008002220       0x2c Drivers/STM32L4xx_HAL_Driver/stm32l4xx_hal_cortex.o
                0x0000000008002220                HAL_SYSTICK_Config
 .text.HAL_SYSTICK_CLKSourceConfig
                0x000000000800224c       0x20 Drivers/STM32L4xx_HAL_Driver/stm32l4xx_hal_cortex.o
                0x000000000800224c                HAL_SYSTICK_CLKSourceConfig
 .text.HAL_SYSTICK_Callback
                0x000000000800226c        0x2 Drivers/STM32L4xx_HAL_Driver/stm32l4xx_hal_cortex.o
                0x000000000800226c                HAL_SYSTICK_Callback
 .text.HAL_SYSTICK_IRQHandler
                0x000000000800226e        0x8 Drivers/STM32L4xx_HAL_Driver/stm32l4xx_hal_cortex.o
                0x000000000800226e                HAL_SYSTICK_IRQHandler
 .text.DMA_SetConfig
                0x0000000008002276       0x2c Drivers/STM32L4xx_HAL_Driver/stm32l4xx_hal_dma.o
 *fill*         0x00000000080022a2        0x2 
 .text.HAL_DMA_Init
                0x00000000080022a4       0xf0 Drivers/STM32L4xx_HAL_Driver/stm32l4xx_hal_dma.o
                0x00000000080022a4                HAL_DMA_Init
 .text.HAL_DMA_Start_IT
                0x0000000008002394       0x76 Drivers/STM32L4xx_HAL_Driver/stm32l4xx_hal_dma.o
                0x0000000008002394                HAL_DMA_Start_IT
 .text.HAL_DMA_Abort_IT
                0x000000000800240a       0x4c Drivers/STM32L4xx_HAL_Driver/stm32l4xx_hal_dma.o
                0x000000000800240a                HAL_DMA_Abort_IT
 .text.HAL_DMA_IRQHandler
                0x0000000008002456       0xb2 Drivers/STM32L4xx_HAL_Driver/stm32l4xx_hal_dma.o
                0x0000000008002456                HAL_DMA_IRQHandler
 .text.HAL_GPIO_Init
                0x0000000008002508      0x1d4 Drivers/STM32L4xx_HAL_Driver/stm32l4xx_hal_gpio.o
                0x0000000008002508                HAL_GPIO_Init
 .text.HAL_GPIO_WritePin
                0x00000000080026dc        0xa Drivers/STM32L4xx_HAL_Driver/stm32l4xx_hal_gpio.o
                0x00000000080026dc                HAL_GPIO_WritePin
 .text.I2C_Flush_TXDR
                0x00000000080026e6       0x22 Drivers/STM32L4xx_HAL_Driver/stm32l4xx_hal_i2c.o
 .text.I2C_TransferConfig
                0x0000000008002708       0x2e Drivers/STM32L4xx_HAL_Driver/stm32l4xx_hal_i2c.o
 .text.I2C_IsAcknowledgeFailed
                0x0000000008002736       0x82 Drivers/STM32L4xx_HAL_Driver/stm32l4xx_hal_i2c.o
 .text.I2C_WaitOnTXISFlagUntilTimeout
                0x00000000080027b8       0x54 Drivers/STM32L4xx_HAL_Driver/stm32l4xx_hal_i2c.o
 .text.I2C_WaitOnFlagUntilTimeout
                0x000000000800280c       0x48 Drivers/STM32L4xx_HAL_Driver/stm32l4xx_hal_i2c.o
 .text.I2C_RequestMemoryWrite
                0x0000000008002854       0x84 Drivers/STM32L4xx_HAL_Driver/stm32l4xx_hal_i2c.o
 .text.I2C_RequestMemoryRead
                0x00000000080028d8       0x82 Drivers/STM32L4xx_HAL_Driver/stm32l4xx_hal_i2c.o
 .text.I2C_WaitOnSTOPFlagUntilTimeout
                0x000000000800295a       0x4e Drivers/STM32L4xx_HAL_Driver/stm32l4xx_hal_i2c.o
 .text.HAL_I2C_Init
                0x00000000080029a8       0xbc Drivers/STM32L4xx_HAL_Driver/stm32l4xx_hal_i2c.o
                0x00000000080029a8                HAL_I2C_Init
 .text.HAL_I2C_Mem_Write
                0x0000000008002a64      0x1cc Drivers/STM32L4xx_HAL_Driver/stm32l4xx_hal_i2c.o
                0x0000000008002a64                HAL_I2C_Mem_Write
 .text.HAL_I2C_Mem_Read
                0x0000000008002c30      0x1c8 Drivers/STM32L4xx_HAL_Driver/stm32l4xx_hal_i2c.o
                0x0000000008002c30                HAL_I2C_Mem_Read
 .text.HAL_I2CEx_ConfigAnalogFilter
                0x0000000008002df8       0x5c Drivers/STM32L4xx_HAL_Driver/stm32l4xx_hal_i2c_ex.o
                0x0000000008002df8                HAL_I2CEx_ConfigAnalogFilter
 .text.HAL_I2CEx_ConfigDigitalFilter
                0x0000000008002e54       0x58 Drivers/STM32L4xx_HAL_Driver/stm32l4xx_hal_i2c_ex.o
                0x0000000008002e54                HAL_I2CEx_ConfigDigitalFilter
 .text.HAL_PWREx_GetVoltageRange
                0x0000000008002eac       0x10 Drivers/STM32L4xx_HAL_Driver/stm32l4xx_hal_pwr_ex.o
                0x0000000008002eac                HAL_PWREx_GetVoltageRange
 .text.HAL_PWREx_ControlVoltageScaling
                0x0000000008002ebc       0x90 Drivers/STM32L4xx_HAL_Driver/stm32l4xx_hal_pwr_ex.o
                0x0000000008002ebc                HAL_PWREx_ControlVoltageScaling
 .text.RCC_SetFlashLatencyFromMSIRange
                0x0000000008002f4c       0x90 Drivers/STM32L4xx_HAL_Driver/stm32l4xx_hal_rcc.o
 .text.HAL_RCC_GetSysClockFreq
                0x0000000008002fdc      0x100 Drivers/STM32L4xx_HAL_Driver/stm32l4xx_hal_rcc.o
                0x0000000008002fdc                HAL_RCC_GetSysClockFreq
 .text.HAL_RCC_OscConfig
                0x00000000080030dc      0x574 Drivers/STM32L4xx_HAL_Driver/stm32l4xx_hal_rcc.o
                0x00000000080030dc                HAL_RCC_OscConfig
 .text.HAL_RCC_ClockConfig
                0x0000000008003650      0x1ac Drivers/STM32L4xx_HAL_Driver/stm32l4xx_hal_rcc.o
                0x0000000008003650                HAL_RCC_ClockConfig
 .text.HAL_RCC_GetHCLKFreq
                0x00000000080037fc        0xc Drivers/STM32L4xx_HAL_Driver/stm32l4xx_hal_rcc.o
                0x00000000080037fc                HAL_RCC_GetHCLKFreq
 .text.HAL_RCC_GetPCLK1Freq
                0x0000000008003808       0x20 Drivers/STM32L4xx_HAL_Driver/stm32l4xx_hal_rcc.o
                0x0000000008003808                HAL_RCC_GetPCLK1Freq
 .text.HAL_RCC_GetPCLK2Freq
                0x0000000008003828       0x20 Drivers/STM32L4xx_HAL_Driver/stm32l4xx_hal_rcc.o
                0x0000000008003828                HAL_RCC_GetPCLK2Freq
 .text.RCCEx_PLLSAI1_Config
                0x0000000008003848      0x180 Drivers/STM32L4xx_HAL_Driver/stm32l4xx_hal_rcc_ex.o
 .text.RCCEx_PLLSAI2_Config
                0x00000000080039c8      0x15c Drivers/STM32L4xx_HAL_Driver/stm32l4xx_hal_rcc_ex.o
 .text.HAL_RCCEx_PeriphCLKConfig
                0x0000000008003b24      0x44c Drivers/STM32L4xx_HAL_Driver/stm32l4xx_hal_rcc_ex.o
                0x0000000008003b24                HAL_RCCEx_PeriphCLKConfig
 .text.UART_EndTxTransfer
                0x0000000008003f70       0x12 Drivers/STM32L4xx_HAL_Driver/stm32l4xx_hal_uart.o
 .text.UART_EndRxTransfer
                0x0000000008003f82       0x1c Drivers/STM32L4xx_HAL_Driver/stm32l4xx_hal_uart.o
 .text.UART_Transmit_IT
                0x0000000008003f9e       0x6e Drivers/STM32L4xx_HAL_Driver/stm32l4xx_hal_uart.o
 .text.HAL_UART_Transmit_DMA
                0x000000000800400c       0x90 Drivers/STM32L4xx_HAL_Driver/stm32l4xx_hal_uart.o
                0x000000000800400c                HAL_UART_Transmit_DMA
 .text.HAL_UART_TxCpltCallback
                0x000000000800409c        0x2 Drivers/STM32L4xx_HAL_Driver/stm32l4xx_hal_uart.o
                0x000000000800409c                HAL_UART_TxCpltCallback
 .text.UART_DMATransmitCplt
                0x000000000800409e       0x32 Drivers/STM32L4xx_HAL_Driver/stm32l4xx_hal_uart.o
 .text.UART_EndTransmit_IT
                0x00000000080040d0       0x1a Drivers/STM32L4xx_HAL_Driver/stm32l4xx_hal_uart.o
 .text.HAL_UART_TxHalfCpltCallback
                0x00000000080040ea        0x2 Drivers/STM32L4xx_HAL_Driver/stm32l4xx_hal_uart.o
                0x00000000080040ea                HAL_UART_TxHalfCpltCallback
 .text.UART_DMATxHalfCplt
                0x00000000080040ec        0xa Drivers/STM32L4xx_HAL_Driver/stm32l4xx_hal_uart.o
 .text.HAL_UART_RxCpltCallback
                0x00000000080040f6        0x2 Drivers/STM32L4xx_HAL_Driver/stm32l4xx_hal_uart.o
                0x00000000080040f6                HAL_UART_RxCpltCallback
 .text.UART_Receive_IT
                0x00000000080040f8       0x84 Drivers/STM32L4xx_HAL_Driver/stm32l4xx_hal_uart.o
 .text.HAL_UART_ErrorCallback
                0x000000000800417c        0x2 Drivers/STM32L4xx_HAL_Driver/stm32l4xx_hal_uart.o
                0x000000000800417c                HAL_UART_ErrorCallback
 .text.UART_DMAError
                0x000000000800417e       0x58 Drivers/STM32L4xx_HAL_Driver/stm32l4xx_hal_uart.o
 *fill*         0x00000000080041d6        0x2 
 .text.HAL_UART_IRQHandler
                0x00000000080041d8      0x15c Drivers/STM32L4xx_HAL_Driver/stm32l4xx_hal_uart.o
                0x00000000080041d8                HAL_UART_IRQHandler
 .text.UART_DMAAbortOnError
                0x0000000008004334       0x14 Drivers/STM32L4xx_HAL_Driver/stm32l4xx_hal_uart.o
 .text.UART_SetConfig
                0x0000000008004348      0x3e4 Drivers/STM32L4xx_HAL_Driver/stm32l4xx_hal_uart.o
                0x0000000008004348                UART_SetConfig
 .text.UART_AdvFeatureConfig
                0x000000000800472c       0xca Drivers/STM32L4xx_HAL_Driver/stm32l4xx_hal_uart.o
                0x000000000800472c                UART_AdvFeatureConfig
 .text.UART_WaitOnFlagUntilTimeout
                0x00000000080047f6       0x64 Drivers/STM32L4xx_HAL_Driver/stm32l4xx_hal_uart.o
                0x00000000080047f6                UART_WaitOnFlagUntilTimeout
 .text.UART_CheckIdleState
                0x000000000800485a       0x70 Drivers/STM32L4xx_HAL_Driver/stm32l4xx_hal_uart.o
                0x000000000800485a                UART_CheckIdleState
 .text.HAL_UART_Init
                0x00000000080048ca       0x68 Drivers/STM32L4xx_HAL_Driver/stm32l4xx_hal_uart.o
                0x00000000080048ca                HAL_UART_Init
 .text.HAL_UARTEx_WakeupCallback
                0x0000000008004932        0x2 Drivers/STM32L4xx_HAL_Driver/stm32l4xx_hal_uart_ex.o
                0x0000000008004932                HAL_UARTEx_WakeupCallback
 .text.__libc_init_array
                0x0000000008004934       0x48 /home/kamil/Software/eclipse/plugins/fr.ac6.mcu.externaltools.arm-none.linux64_1.15.0.201708311556/tools/compiler/bin/../lib/gcc/arm-none-eabi/6.3.1/../../../../arm-none-eabi/lib/thumb/v7e-m/fpv4-sp/hard/libc_nano.a(lib_a-init.o)
                0x0000000008004934                __libc_init_array
 .text.memset   0x000000000800497c       0x10 /home/kamil/Software/eclipse/plugins/fr.ac6.mcu.externaltools.arm-none.linux64_1.15.0.201708311556/tools/compiler/bin/../lib/gcc/arm-none-eabi/6.3.1/../../../../arm-none-eabi/lib/thumb/v7e-m/fpv4-sp/hard/libc_nano.a(lib_a-memset.o)
                0x000000000800497c                memset
 *(.glue_7)
 .glue_7        0x000000000800498c        0x0 linker stubs
 *(.glue_7t)
 .glue_7t       0x000000000800498c        0x0 linker stubs
 *(.eh_frame)
 .eh_frame      0x000000000800498c        0x0 /home/kamil/Software/eclipse/plugins/fr.ac6.mcu.externaltools.arm-none.linux64_1.15.0.201708311556/tools/compiler/bin/../lib/gcc/arm-none-eabi/6.3.1/thumb/v7e-m/fpv4-sp/hard/crtbegin.o
 *(.init)
 .init          0x000000000800498c        0x4 /home/kamil/Software/eclipse/plugins/fr.ac6.mcu.externaltools.arm-none.linux64_1.15.0.201708311556/tools/compiler/bin/../lib/gcc/arm-none-eabi/6.3.1/thumb/v7e-m/fpv4-sp/hard/crti.o
                0x000000000800498c                _init
 .init          0x0000000008004990        0x8 /home/kamil/Software/eclipse/plugins/fr.ac6.mcu.externaltools.arm-none.linux64_1.15.0.201708311556/tools/compiler/bin/../lib/gcc/arm-none-eabi/6.3.1/thumb/v7e-m/fpv4-sp/hard/crtn.o
 *(.fini)
 .fini          0x0000000008004998        0x4 /home/kamil/Software/eclipse/plugins/fr.ac6.mcu.externaltools.arm-none.linux64_1.15.0.201708311556/tools/compiler/bin/../lib/gcc/arm-none-eabi/6.3.1/thumb/v7e-m/fpv4-sp/hard/crti.o
                0x0000000008004998                _fini
 .fini          0x000000000800499c        0x8 /home/kamil/Software/eclipse/plugins/fr.ac6.mcu.externaltools.arm-none.linux64_1.15.0.201708311556/tools/compiler/bin/../lib/gcc/arm-none-eabi/6.3.1/thumb/v7e-m/fpv4-sp/hard/crtn.o
                0x00000000080049a8                . = ALIGN (0x8)
 *fill*         0x00000000080049a4        0x4 
                0x00000000080049a8                _etext = .

.vfp11_veneer   0x00000000080049a8        0x0
 .vfp11_veneer  0x00000000080049a8        0x0 linker stubs

.v4_bx          0x00000000080049a8        0x0
 .v4_bx         0x00000000080049a8        0x0 linker stubs

.iplt           0x00000000080049a8        0x0
 .iplt          0x00000000080049a8        0x0 /home/kamil/Software/eclipse/plugins/fr.ac6.mcu.externaltools.arm-none.linux64_1.15.0.201708311556/tools/compiler/bin/../lib/gcc/arm-none-eabi/6.3.1/thumb/v7e-m/fpv4-sp/hard/crtbegin.o

.rodata         0x00000000080049a8      0x240
                0x00000000080049a8                . = ALIGN (0x8)
 *(.rodata)
 .rodata        0x00000000080049a8       0x6e Application/User/lsm6ds0_msg.pb.o
                0x00000000080049a8                lsm6ds0_msg_fields
 *fill*         0x0000000008004a16        0x2 
 .rodata        0x0000000008004a18       0x28 Application/User/pb_encode.o
 .rodata        0x0000000008004a40       0x48 Drivers/CMSIS/system_stm32l4xx.o
                0x0000000008004a40                MSIRangeTable
                0x0000000008004a70                AHBPrescTable
                0x0000000008004a80                APBPrescTable
 *(.rodata*)
 .rodata.str1.4
                0x0000000008004a88       0x44 Application/User/main.o
 .rodata.str1.4
                0x0000000008004acc       0xc1 Application/User/pb_encode.o
 *fill*         0x0000000008004b8d        0x3 
 .rodata.str1.4
                0x0000000008004b90       0x54 Application/User/stm32l4xx_hal_msp.o
                                         0x51 (size before relaxing)
                0x0000000008004be8                . = ALIGN (0x8)
 *fill*         0x0000000008004be4        0x4 

.ARM.extab      0x0000000008004be8        0x0
                0x0000000008004be8                . = ALIGN (0x8)
 *(.ARM.extab* .gnu.linkonce.armextab.*)
                0x0000000008004be8                . = ALIGN (0x8)

.ARM            0x0000000008004be8        0x8
                0x0000000008004be8                . = ALIGN (0x8)
                0x0000000008004be8                __exidx_start = .
 *(.ARM.exidx*)
 .ARM.exidx     0x0000000008004be8        0x8 /home/kamil/Software/eclipse/plugins/fr.ac6.mcu.externaltools.arm-none.linux64_1.15.0.201708311556/tools/compiler/bin/../lib/gcc/arm-none-eabi/6.3.1/thumb/v7e-m/fpv4-sp/hard/libgcc.a(_udivmoddi4.o)
                0x0000000008004bf0                __exidx_end = .
                0x0000000008004bf0                . = ALIGN (0x8)

.rel.dyn        0x0000000008004bf0        0x0
 .rel.iplt      0x0000000008004bf0        0x0 /home/kamil/Software/eclipse/plugins/fr.ac6.mcu.externaltools.arm-none.linux64_1.15.0.201708311556/tools/compiler/bin/../lib/gcc/arm-none-eabi/6.3.1/thumb/v7e-m/fpv4-sp/hard/crtbegin.o

.preinit_array  0x0000000008004bf0        0x0
                0x0000000008004bf0                . = ALIGN (0x8)
                0x0000000008004bf0                PROVIDE (__preinit_array_start, .)
 *(.preinit_array*)
                0x0000000008004bf0                PROVIDE (__preinit_array_end, .)
                0x0000000008004bf0                . = ALIGN (0x8)

.init_array     0x0000000008004bf0        0x8
                0x0000000008004bf0                . = ALIGN (0x8)
                0x0000000008004bf0                PROVIDE (__init_array_start, .)
 *(SORT(.init_array.*))
 *(.init_array*)
 .init_array    0x0000000008004bf0        0x4 /home/kamil/Software/eclipse/plugins/fr.ac6.mcu.externaltools.arm-none.linux64_1.15.0.201708311556/tools/compiler/bin/../lib/gcc/arm-none-eabi/6.3.1/thumb/v7e-m/fpv4-sp/hard/crtbegin.o
                0x0000000008004bf4                PROVIDE (__init_array_end, .)
                0x0000000008004bf8                . = ALIGN (0x8)
 *fill*         0x0000000008004bf4        0x4 

.fini_array     0x0000000008004bf8        0x8
                0x0000000008004bf8                . = ALIGN (0x8)
                [!provide]                        PROVIDE (__fini_array_start, .)
 *(SORT(.fini_array.*))
 *(.fini_array*)
 .fini_array    0x0000000008004bf8        0x4 /home/kamil/Software/eclipse/plugins/fr.ac6.mcu.externaltools.arm-none.linux64_1.15.0.201708311556/tools/compiler/bin/../lib/gcc/arm-none-eabi/6.3.1/thumb/v7e-m/fpv4-sp/hard/crtbegin.o
                [!provide]                        PROVIDE (__fini_array_end, .)
                0x0000000008004c00                . = ALIGN (0x8)
 *fill*         0x0000000008004bfc        0x4 
                0x0000000008004c00                _sidata = LOADADDR (.data)

.data           0x0000000020000000       0x10 load address 0x0000000008004c00
                0x0000000020000000                . = ALIGN (0x8)
                0x0000000020000000                _sdata = .
 *(.data)
 .data          0x0000000020000000        0x8 Application/User/MadgwickAHRS.o
                0x0000000020000000                q0
                0x0000000020000004                beta
 .data          0x0000000020000008        0x3 Application/User/main.o
                0x0000000020000008                LSM6DS0_GYRO_952HZ_500DPS
                0x0000000020000009                LSM6DS0_GYRO_ALL_AXIS_ENABLE
                0x000000002000000a                LSM6DS0_ACC_ALL_AXIS_ENABLE
 *fill*         0x000000002000000b        0x1 
 .data          0x000000002000000c        0x4 Drivers/CMSIS/system_stm32l4xx.o
                0x000000002000000c                SystemCoreClock
 *(.data*)
                0x0000000020000010                . = ALIGN (0x8)
                0x0000000020000010                _edata = .

.jcr            0x0000000020000010        0x0 load address 0x0000000008004c10
 .jcr           0x0000000020000010        0x0 /home/kamil/Software/eclipse/plugins/fr.ac6.mcu.externaltools.arm-none.linux64_1.15.0.201708311556/tools/compiler/bin/../lib/gcc/arm-none-eabi/6.3.1/thumb/v7e-m/fpv4-sp/hard/crtbegin.o

.igot.plt       0x0000000020000010        0x0 load address 0x0000000008004c10
 .igot.plt      0x0000000020000010        0x0 /home/kamil/Software/eclipse/plugins/fr.ac6.mcu.externaltools.arm-none.linux64_1.15.0.201708311556/tools/compiler/bin/../lib/gcc/arm-none-eabi/6.3.1/thumb/v7e-m/fpv4-sp/hard/crtbegin.o
                0x0000000020000010                . = ALIGN (0x4)

.bss            0x0000000020000010      0x1b8 load address 0x0000000008004c10
                0x0000000020000010                _sbss = .
                0x0000000020000010                __bss_start__ = _sbss
 *(.bss)
 .bss           0x0000000020000010       0x1c /home/kamil/Software/eclipse/plugins/fr.ac6.mcu.externaltools.arm-none.linux64_1.15.0.201708311556/tools/compiler/bin/../lib/gcc/arm-none-eabi/6.3.1/thumb/v7e-m/fpv4-sp/hard/crtbegin.o
 .bss           0x000000002000002c        0xc Application/User/MadgwickAHRS.o
                0x000000002000002c                q1
                0x0000000020000030                q2
                0x0000000020000034                q3
 .bss           0x0000000020000038       0x30 Application/User/main.o
                0x0000000020000038                who_am_i_m
                0x0000000020000039                who_am_i_ag
                0x000000002000003a                Xgyro_m
                0x000000002000003c                Xgyro
                0x0000000020000040                Ygyro_m
                0x0000000020000044                Ygyro
                0x0000000020000048                Zgyro_m
                0x000000002000004c                Zgyro
                0x0000000020000050                Xacc_m
                0x0000000020000054                Xacc
                0x0000000020000058                Yacc_m
                0x000000002000005c                Yacc
                0x0000000020000060                Zacc_m
                0x0000000020000064                Zacc
 *(.bss*)
 *(COMMON)
 COMMON         0x0000000020000068      0x15a Application/User/main.o
                0x0000000020000068                hdma_usart2_rx
                0x00000000200000b0                hi2c1
                0x00000000200000fc                DataGyro
                0x0000000020000104                hdma_usart2_tx
                0x000000002000014c                huart2
                0x00000000200001bc                DataAcc
 *fill*         0x00000000200001c2        0x2 
 COMMON         0x00000000200001c4        0x4 Drivers/STM32L4xx_HAL_Driver/stm32l4xx_hal.o
                0x00000000200001c4                uwTick
                0x00000000200001c8                . = ALIGN (0x4)
                0x00000000200001c8                _ebss = .
                0x00000000200001c8                __bss_end__ = _ebss

._user_heap_stack
                0x00000000200001c8      0x600 load address 0x0000000008004c10
                0x00000000200001c8                . = ALIGN (0x8)
                [!provide]                        PROVIDE (end, .)
                [!provide]                        PROVIDE (_end, .)
                0x00000000200003c8                . = (. + _Min_Heap_Size)
 *fill*         0x00000000200001c8      0x200 
                0x00000000200007c8                . = (. + _Min_Stack_Size)
 *fill*         0x00000000200003c8      0x400 
                0x00000000200007c8                . = ALIGN (0x8)

/DISCARD/
 libc.a(*)
 libm.a(*)
 libgcc.a(*)

.ARM.attributes
                0x0000000000000000       0x30
 *(.ARM.attributes)
 .ARM.attributes
                0x0000000000000000       0x22 /home/kamil/Software/eclipse/plugins/fr.ac6.mcu.externaltools.arm-none.linux64_1.15.0.201708311556/tools/compiler/bin/../lib/gcc/arm-none-eabi/6.3.1/thumb/v7e-m/fpv4-sp/hard/crti.o
 .ARM.attributes
                0x0000000000000022       0x34 /home/kamil/Software/eclipse/plugins/fr.ac6.mcu.externaltools.arm-none.linux64_1.15.0.201708311556/tools/compiler/bin/../lib/gcc/arm-none-eabi/6.3.1/thumb/v7e-m/fpv4-sp/hard/crtbegin.o
 .ARM.attributes
                0x0000000000000056       0x21 Application/SW4STM32/startup_stm32l476xx.o
 .ARM.attributes
                0x0000000000000077       0x39 Application/User/MadgwickAHRS.o
 .ARM.attributes
                0x00000000000000b0       0x39 Application/User/lsm6ds0_msg.pb.o
 .ARM.attributes
                0x00000000000000e9       0x39 Application/User/main.o
 .ARM.attributes
                0x0000000000000122       0x39 Application/User/pb_common.o
 .ARM.attributes
                0x000000000000015b       0x39 Application/User/pb_encode.o
 .ARM.attributes
                0x0000000000000194       0x39 Application/User/stm32l4xx_hal_msp.o
 .ARM.attributes
                0x00000000000001cd       0x39 Application/User/stm32l4xx_it.o
 .ARM.attributes
                0x0000000000000206       0x39 Drivers/CMSIS/system_stm32l4xx.o
 .ARM.attributes
                0x000000000000023f       0x39 Drivers/STM32L4xx_HAL_Driver/stm32l4xx_hal.o
 .ARM.attributes
                0x0000000000000278       0x39 Drivers/STM32L4xx_HAL_Driver/stm32l4xx_hal_cortex.o
 .ARM.attributes
                0x00000000000002b1       0x39 Drivers/STM32L4xx_HAL_Driver/stm32l4xx_hal_dma.o
 .ARM.attributes
                0x00000000000002ea       0x39 Drivers/STM32L4xx_HAL_Driver/stm32l4xx_hal_gpio.o
 .ARM.attributes
                0x0000000000000323       0x39 Drivers/STM32L4xx_HAL_Driver/stm32l4xx_hal_i2c.o
 .ARM.attributes
                0x000000000000035c       0x39 Drivers/STM32L4xx_HAL_Driver/stm32l4xx_hal_i2c_ex.o
 .ARM.attributes
                0x0000000000000395       0x39 Drivers/STM32L4xx_HAL_Driver/stm32l4xx_hal_pwr_ex.o
 .ARM.attributes
                0x00000000000003ce       0x39 Drivers/STM32L4xx_HAL_Driver/stm32l4xx_hal_rcc.o
 .ARM.attributes
                0x0000000000000407       0x39 Drivers/STM32L4xx_HAL_Driver/stm32l4xx_hal_rcc_ex.o
 .ARM.attributes
                0x0000000000000440       0x39 Drivers/STM32L4xx_HAL_Driver/stm32l4xx_hal_uart.o
 .ARM.attributes
                0x0000000000000479       0x39 Drivers/STM32L4xx_HAL_Driver/stm32l4xx_hal_uart_ex.o
 .ARM.attributes
                0x00000000000004b2       0x22 /home/kamil/Software/eclipse/plugins/fr.ac6.mcu.externaltools.arm-none.linux64_1.15.0.201708311556/tools/compiler/bin/../lib/gcc/arm-none-eabi/6.3.1/thumb/v7e-m/fpv4-sp/hard/libgcc.a(_arm_addsubdf3.o)
 .ARM.attributes
                0x00000000000004d4       0x22 /home/kamil/Software/eclipse/plugins/fr.ac6.mcu.externaltools.arm-none.linux64_1.15.0.201708311556/tools/compiler/bin/../lib/gcc/arm-none-eabi/6.3.1/thumb/v7e-m/fpv4-sp/hard/libgcc.a(_arm_muldivdf3.o)
 .ARM.attributes
                0x00000000000004f6       0x22 /home/kamil/Software/eclipse/plugins/fr.ac6.mcu.externaltools.arm-none.linux64_1.15.0.201708311556/tools/compiler/bin/../lib/gcc/arm-none-eabi/6.3.1/thumb/v7e-m/fpv4-sp/hard/libgcc.a(_arm_truncdfsf2.o)
 .ARM.attributes
                0x0000000000000518       0x22 /home/kamil/Software/eclipse/plugins/fr.ac6.mcu.externaltools.arm-none.linux64_1.15.0.201708311556/tools/compiler/bin/../lib/gcc/arm-none-eabi/6.3.1/thumb/v7e-m/fpv4-sp/hard/libgcc.a(_aeabi_uldivmod.o)
 .ARM.attributes
                0x000000000000053a       0x34 /home/kamil/Software/eclipse/plugins/fr.ac6.mcu.externaltools.arm-none.linux64_1.15.0.201708311556/tools/compiler/bin/../lib/gcc/arm-none-eabi/6.3.1/thumb/v7e-m/fpv4-sp/hard/libgcc.a(_udivmoddi4.o)
 .ARM.attributes
                0x000000000000056e       0x22 /home/kamil/Software/eclipse/plugins/fr.ac6.mcu.externaltools.arm-none.linux64_1.15.0.201708311556/tools/compiler/bin/../lib/gcc/arm-none-eabi/6.3.1/thumb/v7e-m/fpv4-sp/hard/libgcc.a(_dvmd_tls.o)
 .ARM.attributes
                0x0000000000000590       0x34 /home/kamil/Software/eclipse/plugins/fr.ac6.mcu.externaltools.arm-none.linux64_1.15.0.201708311556/tools/compiler/bin/../lib/gcc/arm-none-eabi/6.3.1/../../../../arm-none-eabi/lib/thumb/v7e-m/fpv4-sp/hard/libc_nano.a(lib_a-init.o)
 .ARM.attributes
                0x00000000000005c4       0x34 /home/kamil/Software/eclipse/plugins/fr.ac6.mcu.externaltools.arm-none.linux64_1.15.0.201708311556/tools/compiler/bin/../lib/gcc/arm-none-eabi/6.3.1/../../../../arm-none-eabi/lib/thumb/v7e-m/fpv4-sp/hard/libc_nano.a(lib_a-memset.o)
 .ARM.attributes
                0x00000000000005f8       0x22 /home/kamil/Software/eclipse/plugins/fr.ac6.mcu.externaltools.arm-none.linux64_1.15.0.201708311556/tools/compiler/bin/../lib/gcc/arm-none-eabi/6.3.1/thumb/v7e-m/fpv4-sp/hard/crtn.o
OUTPUT(LSM6DS0.elf elf32-littlearm)

.debug_line     0x0000000000000000     0xca5e
 .debug_line    0x0000000000000000       0xb6 Application/SW4STM32/startup_stm32l476xx.o
 .debug_line    0x00000000000000b6      0x428 Application/User/MadgwickAHRS.o
 .debug_line    0x00000000000004de      0x3e6 Application/User/lsm6ds0_msg.pb.o
 .debug_line    0x00000000000008c4      0xaec Application/User/main.o
 .debug_line    0x00000000000013b0      0x415 Application/User/pb_common.o
 .debug_line    0x00000000000017c5      0x800 Application/User/pb_encode.o
 .debug_line    0x0000000000001fc5      0x8dc Application/User/stm32l4xx_hal_msp.o
 .debug_line    0x00000000000028a1      0x8b4 Application/User/stm32l4xx_it.o
 .debug_line    0x0000000000003155      0x895 Drivers/CMSIS/system_stm32l4xx.o
 .debug_line    0x00000000000039ea      0xaa0 Drivers/STM32L4xx_HAL_Driver/stm32l4xx_hal.o
 .debug_line    0x000000000000448a      0xa38 Drivers/STM32L4xx_HAL_Driver/stm32l4xx_hal_cortex.o
 .debug_line    0x0000000000004ec2      0xab2 Drivers/STM32L4xx_HAL_Driver/stm32l4xx_hal_dma.o
 .debug_line    0x0000000000005974      0x9d9 Drivers/STM32L4xx_HAL_Driver/stm32l4xx_hal_gpio.o
 .debug_line    0x000000000000634d     0x19e3 Drivers/STM32L4xx_HAL_Driver/stm32l4xx_hal_i2c.o
 .debug_line    0x0000000000007d30      0x9b8 Drivers/STM32L4xx_HAL_Driver/stm32l4xx_hal_i2c_ex.o
 .debug_line    0x00000000000086e8      0xcbb Drivers/STM32L4xx_HAL_Driver/stm32l4xx_hal_pwr_ex.o
 .debug_line    0x00000000000093a3      0xba0 Drivers/STM32L4xx_HAL_Driver/stm32l4xx_hal_rcc.o
 .debug_line    0x0000000000009f43      0xe29 Drivers/STM32L4xx_HAL_Driver/stm32l4xx_hal_rcc_ex.o
 .debug_line    0x000000000000ad6c     0x1377 Drivers/STM32L4xx_HAL_Driver/stm32l4xx_hal_uart.o
 .debug_line    0x000000000000c0e3      0x97b Drivers/STM32L4xx_HAL_Driver/stm32l4xx_hal_uart_ex.o

.debug_info     0x0000000000000000    0x1af8a
 .debug_info    0x0000000000000000       0xcc Application/SW4STM32/startup_stm32l476xx.o
 .debug_info    0x00000000000000cc      0xf09 Application/User/MadgwickAHRS.o
 .debug_info    0x0000000000000fd5      0xa24 Application/User/lsm6ds0_msg.pb.o
 .debug_info    0x00000000000019f9     0x25b7 Application/User/main.o
 .debug_info    0x0000000000003fb0      0xaf1 Application/User/pb_common.o
 .debug_info    0x0000000000004aa1     0x1e12 Application/User/pb_encode.o
 .debug_info    0x00000000000068b3     0x1a5f Application/User/stm32l4xx_hal_msp.o
 .debug_info    0x0000000000008312      0xfa5 Application/User/stm32l4xx_it.o
 .debug_info    0x00000000000092b7      0xde9 Drivers/CMSIS/system_stm32l4xx.o
 .debug_info    0x000000000000a0a0     0x1427 Drivers/STM32L4xx_HAL_Driver/stm32l4xx_hal.o
 .debug_info    0x000000000000b4c7     0x1709 Drivers/STM32L4xx_HAL_Driver/stm32l4xx_hal_cortex.o
 .debug_info    0x000000000000cbd0     0x1073 Drivers/STM32L4xx_HAL_Driver/stm32l4xx_hal_dma.o
 .debug_info    0x000000000000dc43     0x1090 Drivers/STM32L4xx_HAL_Driver/stm32l4xx_hal_gpio.o
 .debug_info    0x000000000000ecd3     0x39e3 Drivers/STM32L4xx_HAL_Driver/stm32l4xx_hal_i2c.o
 .debug_info    0x00000000000126b6     0x1256 Drivers/STM32L4xx_HAL_Driver/stm32l4xx_hal_i2c_ex.o
 .debug_info    0x000000000001390c     0x12c8 Drivers/STM32L4xx_HAL_Driver/stm32l4xx_hal_pwr_ex.o
 .debug_info    0x0000000000014bd4     0x15a7 Drivers/STM32L4xx_HAL_Driver/stm32l4xx_hal_rcc.o
 .debug_info    0x000000000001617b     0x18d8 Drivers/STM32L4xx_HAL_Driver/stm32l4xx_hal_rcc_ex.o
 .debug_info    0x0000000000017a53     0x2379 Drivers/STM32L4xx_HAL_Driver/stm32l4xx_hal_uart.o
 .debug_info    0x0000000000019dcc     0x11be Drivers/STM32L4xx_HAL_Driver/stm32l4xx_hal_uart_ex.o

.debug_abbrev   0x0000000000000000     0x33a9
 .debug_abbrev  0x0000000000000000       0x12 Application/SW4STM32/startup_stm32l476xx.o
 .debug_abbrev  0x0000000000000012      0x28c Application/User/MadgwickAHRS.o
 .debug_abbrev  0x000000000000029e      0x1a0 Application/User/lsm6ds0_msg.pb.o
 .debug_abbrev  0x000000000000043e      0x2ee Application/User/main.o
 .debug_abbrev  0x000000000000072c      0x227 Application/User/pb_common.o
 .debug_abbrev  0x0000000000000953      0x374 Application/User/pb_encode.o
 .debug_abbrev  0x0000000000000cc7      0x25d Application/User/stm32l4xx_hal_msp.o
 .debug_abbrev  0x0000000000000f24      0x20e Application/User/stm32l4xx_it.o
 .debug_abbrev  0x0000000000001132      0x226 Drivers/CMSIS/system_stm32l4xx.o
 .debug_abbrev  0x0000000000001358      0x2ec Drivers/STM32L4xx_HAL_Driver/stm32l4xx_hal.o
 .debug_abbrev  0x0000000000001644      0x3b8 Drivers/STM32L4xx_HAL_Driver/stm32l4xx_hal_cortex.o
 .debug_abbrev  0x00000000000019fc      0x2d4 Drivers/STM32L4xx_HAL_Driver/stm32l4xx_hal_dma.o
 .debug_abbrev  0x0000000000001cd0      0x2a5 Drivers/STM32L4xx_HAL_Driver/stm32l4xx_hal_gpio.o
 .debug_abbrev  0x0000000000001f75      0x2dd Drivers/STM32L4xx_HAL_Driver/stm32l4xx_hal_i2c.o
 .debug_abbrev  0x0000000000002252      0x255 Drivers/STM32L4xx_HAL_Driver/stm32l4xx_hal_i2c_ex.o
 .debug_abbrev  0x00000000000024a7      0x304 Drivers/STM32L4xx_HAL_Driver/stm32l4xx_hal_pwr_ex.o
 .debug_abbrev  0x00000000000027ab      0x308 Drivers/STM32L4xx_HAL_Driver/stm32l4xx_hal_rcc.o
 .debug_abbrev  0x0000000000002ab3      0x30a Drivers/STM32L4xx_HAL_Driver/stm32l4xx_hal_rcc_ex.o
 .debug_abbrev  0x0000000000002dbd      0x32e Drivers/STM32L4xx_HAL_Driver/stm32l4xx_hal_uart.o
 .debug_abbrev  0x00000000000030eb      0x2be Drivers/STM32L4xx_HAL_Driver/stm32l4xx_hal_uart_ex.o

.debug_aranges  0x0000000000000000      0xca0
 .debug_aranges
                0x0000000000000000       0x28 Application/SW4STM32/startup_stm32l476xx.o
 .debug_aranges
                0x0000000000000028       0x30 Application/User/MadgwickAHRS.o
 .debug_aranges
                0x0000000000000058       0x18 Application/User/lsm6ds0_msg.pb.o
 .debug_aranges
                0x0000000000000070       0x50 Application/User/main.o
 .debug_aranges
                0x00000000000000c0       0x30 Application/User/pb_common.o
 .debug_aranges
                0x00000000000000f0      0x110 Application/User/pb_encode.o
 .debug_aranges
                0x0000000000000200       0x40 Application/User/stm32l4xx_hal_msp.o
 .debug_aranges
                0x0000000000000240       0x48 Application/User/stm32l4xx_it.o
 .debug_aranges
                0x0000000000000288       0x28 Drivers/CMSIS/system_stm32l4xx.o
 .debug_aranges
                0x00000000000002b0      0x118 Drivers/STM32L4xx_HAL_Driver/stm32l4xx_hal.o
 .debug_aranges
                0x00000000000003c8       0x98 Drivers/STM32L4xx_HAL_Driver/stm32l4xx_hal_cortex.o
 .debug_aranges
                0x0000000000000460       0x80 Drivers/STM32L4xx_HAL_Driver/stm32l4xx_hal_dma.o
 .debug_aranges
                0x00000000000004e0       0x58 Drivers/STM32L4xx_HAL_Driver/stm32l4xx_hal_gpio.o
 .debug_aranges
                0x0000000000000538      0x260 Drivers/STM32L4xx_HAL_Driver/stm32l4xx_hal_i2c.o
 .debug_aranges
                0x0000000000000798       0x48 Drivers/STM32L4xx_HAL_Driver/stm32l4xx_hal_i2c_ex.o
 .debug_aranges
                0x00000000000007e0      0x148 Drivers/STM32L4xx_HAL_Driver/stm32l4xx_hal_pwr_ex.o
 .debug_aranges
                0x0000000000000928       0x88 Drivers/STM32L4xx_HAL_Driver/stm32l4xx_hal_rcc.o
 .debug_aranges
                0x00000000000009b0       0xb8 Drivers/STM32L4xx_HAL_Driver/stm32l4xx_hal_rcc_ex.o
 .debug_aranges
                0x0000000000000a68      0x1e8 Drivers/STM32L4xx_HAL_Driver/stm32l4xx_hal_uart.o
 .debug_aranges
                0x0000000000000c50       0x50 Drivers/STM32L4xx_HAL_Driver/stm32l4xx_hal_uart_ex.o

.debug_ranges   0x0000000000000000      0xc60
 .debug_ranges  0x0000000000000000       0x20 Application/SW4STM32/startup_stm32l476xx.o
 .debug_ranges  0x0000000000000020       0x20 Application/User/MadgwickAHRS.o
 .debug_ranges  0x0000000000000040       0x40 Application/User/main.o
 .debug_ranges  0x0000000000000080       0x40 Application/User/pb_common.o
 .debug_ranges  0x00000000000000c0      0x148 Application/User/pb_encode.o
 .debug_ranges  0x0000000000000208       0x30 Application/User/stm32l4xx_hal_msp.o
 .debug_ranges  0x0000000000000238       0x38 Application/User/stm32l4xx_it.o
 .debug_ranges  0x0000000000000270       0x18 Drivers/CMSIS/system_stm32l4xx.o
 .debug_ranges  0x0000000000000288      0x108 Drivers/STM32L4xx_HAL_Driver/stm32l4xx_hal.o
 .debug_ranges  0x0000000000000390       0xe8 Drivers/STM32L4xx_HAL_Driver/stm32l4xx_hal_cortex.o
 .debug_ranges  0x0000000000000478       0x70 Drivers/STM32L4xx_HAL_Driver/stm32l4xx_hal_dma.o
 .debug_ranges  0x00000000000004e8       0x48 Drivers/STM32L4xx_HAL_Driver/stm32l4xx_hal_gpio.o
 .debug_ranges  0x0000000000000530      0x250 Drivers/STM32L4xx_HAL_Driver/stm32l4xx_hal_i2c.o
 .debug_ranges  0x0000000000000780       0x38 Drivers/STM32L4xx_HAL_Driver/stm32l4xx_hal_i2c_ex.o
 .debug_ranges  0x00000000000007b8      0x138 Drivers/STM32L4xx_HAL_Driver/stm32l4xx_hal_pwr_ex.o
 .debug_ranges  0x00000000000008f0       0x90 Drivers/STM32L4xx_HAL_Driver/stm32l4xx_hal_rcc.o
 .debug_ranges  0x0000000000000980       0xc8 Drivers/STM32L4xx_HAL_Driver/stm32l4xx_hal_rcc_ex.o
 .debug_ranges  0x0000000000000a48      0x1d8 Drivers/STM32L4xx_HAL_Driver/stm32l4xx_hal_uart.o
 .debug_ranges  0x0000000000000c20       0x40 Drivers/STM32L4xx_HAL_Driver/stm32l4xx_hal_uart_ex.o

.debug_loc      0x0000000000000000     0xb57b
 .debug_loc     0x0000000000000000      0x94d Application/User/MadgwickAHRS.o
 .debug_loc     0x000000000000094d      0x175 Application/User/pb_common.o
 .debug_loc     0x0000000000000ac2     0x158a Application/User/pb_encode.o
 .debug_loc     0x000000000000204c       0xa5 Application/User/stm32l4xx_hal_msp.o
 .debug_loc     0x00000000000020f1      0x1e4 Drivers/CMSIS/system_stm32l4xx.o
 .debug_loc     0x00000000000022d5       0xf8 Drivers/STM32L4xx_HAL_Driver/stm32l4xx_hal.o
 .debug_loc     0x00000000000023cd      0x5ad Drivers/STM32L4xx_HAL_Driver/stm32l4xx_hal_cortex.o
 .debug_loc     0x000000000000297a      0x7ab Drivers/STM32L4xx_HAL_Driver/stm32l4xx_hal_dma.o
 .debug_loc     0x0000000000003125      0x33d Drivers/STM32L4xx_HAL_Driver/stm32l4xx_hal_gpio.o
 .debug_loc     0x0000000000003462     0x3aed Drivers/STM32L4xx_HAL_Driver/stm32l4xx_hal_i2c.o
 .debug_loc     0x0000000000006f4f      0x21c Drivers/STM32L4xx_HAL_Driver/stm32l4xx_hal_i2c_ex.o
 .debug_loc     0x000000000000716b      0x8f5 Drivers/STM32L4xx_HAL_Driver/stm32l4xx_hal_pwr_ex.o
 .debug_loc     0x0000000000007a60      0x5d8 Drivers/STM32L4xx_HAL_Driver/stm32l4xx_hal_rcc.o
 .debug_loc     0x0000000000008038     0x1aed Drivers/STM32L4xx_HAL_Driver/stm32l4xx_hal_rcc_ex.o
 .debug_loc     0x0000000000009b25     0x173a Drivers/STM32L4xx_HAL_Driver/stm32l4xx_hal_uart.o
 .debug_loc     0x000000000000b25f      0x31c Drivers/STM32L4xx_HAL_Driver/stm32l4xx_hal_uart_ex.o

.debug_macro    0x0000000000000000    0x2779c
 .debug_macro   0x0000000000000000       0xec Application/User/MadgwickAHRS.o
 .debug_macro   0x00000000000000ec      0x8bc Application/User/MadgwickAHRS.o
 .debug_macro   0x00000000000009a8       0x22 Application/User/MadgwickAHRS.o
 .debug_macro   0x00000000000009ca       0x52 Application/User/MadgwickAHRS.o
 .debug_macro   0x0000000000000a1c       0x8d Application/User/MadgwickAHRS.o
 .debug_macro   0x0000000000000aa9       0x35 Application/User/MadgwickAHRS.o
 .debug_macro   0x0000000000000ade       0x9c Application/User/MadgwickAHRS.o
 .debug_macro   0x0000000000000b7a      0x174 Application/User/MadgwickAHRS.o
 .debug_macro   0x0000000000000cee       0x57 Application/User/MadgwickAHRS.o
 .debug_macro   0x0000000000000d45       0x58 Application/User/MadgwickAHRS.o
 .debug_macro   0x0000000000000d9d       0x1f Application/User/MadgwickAHRS.o
 .debug_macro   0x0000000000000dbc       0x43 Application/User/MadgwickAHRS.o
 .debug_macro   0x0000000000000dff       0x20 Application/User/MadgwickAHRS.o
 .debug_macro   0x0000000000000e1f      0x187 Application/User/MadgwickAHRS.o
 .debug_macro   0x0000000000000fa6      0x330 Application/User/MadgwickAHRS.o
 .debug_macro   0x00000000000012d6      0x1e1 Application/User/MadgwickAHRS.o
 .debug_macro   0x00000000000014b7      0x145 Application/User/lsm6ds0_msg.pb.o
 .debug_macro   0x00000000000015fc       0x10 Application/User/lsm6ds0_msg.pb.o
 .debug_macro   0x000000000000160c       0x87 Application/User/lsm6ds0_msg.pb.o
 .debug_macro   0x0000000000001693       0x51 Application/User/lsm6ds0_msg.pb.o
 .debug_macro   0x00000000000016e4       0xef Application/User/lsm6ds0_msg.pb.o
 .debug_macro   0x00000000000017d3       0x6a Application/User/lsm6ds0_msg.pb.o
 .debug_macro   0x000000000000183d      0x1df Application/User/lsm6ds0_msg.pb.o
 .debug_macro   0x0000000000001a1c       0x22 Application/User/lsm6ds0_msg.pb.o
 .debug_macro   0x0000000000001a3e       0x58 Application/User/lsm6ds0_msg.pb.o
 .debug_macro   0x0000000000001a96       0x10 Application/User/lsm6ds0_msg.pb.o
 .debug_macro   0x0000000000001aa6       0x35 Application/User/lsm6ds0_msg.pb.o
 .debug_macro   0x0000000000001adb      0x273 Application/User/lsm6ds0_msg.pb.o
 .debug_macro   0x0000000000001d4e       0x52 Application/User/lsm6ds0_msg.pb.o
 .debug_macro   0x0000000000001da0      0x3f8 Application/User/main.o
 .debug_macro   0x0000000000002198       0x1c Application/User/main.o
 .debug_macro   0x00000000000021b4       0xad Application/User/main.o
 .debug_macro   0x0000000000002261       0x2e Application/User/main.o
 .debug_macro   0x000000000000228f       0x28 Application/User/main.o
 .debug_macro   0x00000000000022b7       0x35 Application/User/main.o
 .debug_macro   0x00000000000022ec       0x50 Application/User/main.o
 .debug_macro   0x000000000000233c      0xe66 Application/User/main.o
 .debug_macro   0x00000000000031a2    0x1a193 Application/User/main.o
 .debug_macro   0x000000000001d335       0x43 Application/User/main.o
 .debug_macro   0x000000000001d378     0x36a1 Application/User/main.o
 .debug_macro   0x0000000000020a19       0x16 Application/User/main.o
 .debug_macro   0x0000000000020a2f       0x97 Application/User/main.o
 .debug_macro   0x0000000000020ac6       0xfd Application/User/main.o
 .debug_macro   0x0000000000020bc3       0x10 Application/User/main.o
 .debug_macro   0x0000000000020bd3       0x10 Application/User/main.o
 .debug_macro   0x0000000000020be3       0x1c Application/User/main.o
 .debug_macro   0x0000000000020bff       0x52 Application/User/main.o
 .debug_macro   0x0000000000020c51       0x40 Application/User/main.o
 .debug_macro   0x0000000000020c91       0x10 Application/User/main.o
 .debug_macro   0x0000000000020ca1       0x40 Application/User/main.o
 .debug_macro   0x0000000000020ce1       0xd7 Application/User/main.o
 .debug_macro   0x0000000000020db8       0x16 Application/User/main.o
 .debug_macro   0x0000000000020dce      0x18b Application/User/main.o
 .debug_macro   0x0000000000020f59       0x50 Application/User/main.o
 .debug_macro   0x0000000000020fa9     0x1566 Application/User/main.o
 .debug_macro   0x000000000002250f      0x59e Application/User/main.o
 .debug_macro   0x0000000000022aad      0x148 Application/User/main.o
 .debug_macro   0x0000000000022bf5      0x18b Application/User/main.o
 .debug_macro   0x0000000000022d80      0x25d Application/User/main.o
 .debug_macro   0x0000000000022fdd      0x23a Application/User/main.o
 .debug_macro   0x0000000000023217      0x367 Application/User/main.o
 .debug_macro   0x000000000002357e       0x10 Application/User/main.o
 .debug_macro   0x000000000002358e       0xe4 Application/User/main.o
 .debug_macro   0x0000000000023672      0x202 Application/User/main.o
 .debug_macro   0x0000000000023874       0x61 Application/User/main.o
 .debug_macro   0x00000000000238d5       0x90 Application/User/main.o
 .debug_macro   0x0000000000023965      0x126 Application/User/main.o
 .debug_macro   0x0000000000023a8b      0x3dc Application/User/main.o
 .debug_macro   0x0000000000023e67      0x535 Application/User/main.o
 .debug_macro   0x000000000002439c       0x44 Application/User/main.o
 .debug_macro   0x00000000000243e0      0x320 Application/User/main.o
 .debug_macro   0x0000000000024700       0x2b Application/User/main.o
 .debug_macro   0x000000000002472b      0x118 Application/User/main.o
 .debug_macro   0x0000000000024843       0x16 Application/User/main.o
 .debug_macro   0x0000000000024859      0x140 Application/User/pb_common.o
 .debug_macro   0x0000000000024999      0x14f Application/User/pb_encode.o
 .debug_macro   0x0000000000024ae8       0x10 Application/User/pb_encode.o
 .debug_macro   0x0000000000024af8      0x30a Application/User/stm32l4xx_hal_msp.o
 .debug_macro   0x0000000000024e02      0x314 Application/User/stm32l4xx_it.o
 .debug_macro   0x0000000000025116      0x311 Drivers/CMSIS/system_stm32l4xx.o
 .debug_macro   0x0000000000025427      0x358 Drivers/STM32L4xx_HAL_Driver/stm32l4xx_hal.o
 .debug_macro   0x000000000002577f      0x30a Drivers/STM32L4xx_HAL_Driver/stm32l4xx_hal_cortex.o
 .debug_macro   0x0000000000025a89      0x30a Drivers/STM32L4xx_HAL_Driver/stm32l4xx_hal_dma.o
 .debug_macro   0x0000000000025d93      0x349 Drivers/STM32L4xx_HAL_Driver/stm32l4xx_hal_gpio.o
 .debug_macro   0x00000000000260dc      0x3d6 Drivers/STM32L4xx_HAL_Driver/stm32l4xx_hal_i2c.o
 .debug_macro   0x00000000000264b2      0x30a Drivers/STM32L4xx_HAL_Driver/stm32l4xx_hal_i2c_ex.o
 .debug_macro   0x00000000000267bc      0x32e Drivers/STM32L4xx_HAL_Driver/stm32l4xx_hal_pwr_ex.o
 .debug_macro   0x0000000000026aea      0x34c Drivers/STM32L4xx_HAL_Driver/stm32l4xx_hal_rcc.o
 .debug_macro   0x0000000000026e36      0x340 Drivers/STM32L4xx_HAL_Driver/stm32l4xx_hal_rcc_ex.o
 .debug_macro   0x0000000000027176      0x31c Drivers/STM32L4xx_HAL_Driver/stm32l4xx_hal_uart.o
 .debug_macro   0x0000000000027492      0x30a Drivers/STM32L4xx_HAL_Driver/stm32l4xx_hal_uart_ex.o

.debug_str      0x0000000000000000    0xe70a9
 .debug_str     0x0000000000000000     0x60a7 Application/User/MadgwickAHRS.o
                                       0x6279 (size before relaxing)
 .debug_str     0x00000000000060a7     0x2516 Application/User/lsm6ds0_msg.pb.o
                                       0x7e8c (size before relaxing)
 .debug_str     0x00000000000085bd    0xdb1ba Application/User/main.o
                                      0xe338f (size before relaxing)
 .debug_str     0x00000000000e3777       0xd7 Application/User/pb_common.o
                                       0x7d86 (size before relaxing)
 .debug_str     0x00000000000e384e      0x3f4 Application/User/pb_encode.o
                                       0x825b (size before relaxing)
 .debug_str     0x00000000000e3c42      0x10b Application/User/stm32l4xx_hal_msp.o
                                      0xe0cea (size before relaxing)
 .debug_str     0x00000000000e3d4d      0x117 Application/User/stm32l4xx_it.o
                                      0xe037d (size before relaxing)
 .debug_str     0x00000000000e3e64       0xfe Drivers/CMSIS/system_stm32l4xx.o
                                      0xe0006 (size before relaxing)
 .debug_str     0x00000000000e3f62      0x628 Drivers/STM32L4xx_HAL_Driver/stm32l4xx_hal.o
                                      0xe0b9b (size before relaxing)
 .debug_str     0x00000000000e458a      0x314 Drivers/STM32L4xx_HAL_Driver/stm32l4xx_hal_cortex.o
                                      0xe0817 (size before relaxing)
 .debug_str     0x00000000000e489e      0x242 Drivers/STM32L4xx_HAL_Driver/stm32l4xx_hal_dma.o
                                      0xe028f (size before relaxing)
 .debug_str     0x00000000000e4ae0      0x28d Drivers/STM32L4xx_HAL_Driver/stm32l4xx_hal_gpio.o
                                      0xe02e1 (size before relaxing)
 .debug_str     0x00000000000e4d6d      0xd50 Drivers/STM32L4xx_HAL_Driver/stm32l4xx_hal_i2c.o
                                      0xe1091 (size before relaxing)
 .debug_str     0x00000000000e5abd       0xee Drivers/STM32L4xx_HAL_Driver/stm32l4xx_hal_i2c_ex.o
                                      0xe054b (size before relaxing)
 .debug_str     0x00000000000e5bab      0x4c1 Drivers/STM32L4xx_HAL_Driver/stm32l4xx_hal_pwr_ex.o
                                      0xe051c (size before relaxing)
 .debug_str     0x00000000000e606c      0x36a Drivers/STM32L4xx_HAL_Driver/stm32l4xx_hal_rcc.o
                                      0xe0638 (size before relaxing)
 .debug_str     0x00000000000e63d6      0x3e3 Drivers/STM32L4xx_HAL_Driver/stm32l4xx_hal_rcc_ex.o
                                      0xe07d9 (size before relaxing)
 .debug_str     0x00000000000e67b9      0x76b Drivers/STM32L4xx_HAL_Driver/stm32l4xx_hal_uart.o
                                      0xe0c8c (size before relaxing)
 .debug_str     0x00000000000e6f24      0x185 Drivers/STM32L4xx_HAL_Driver/stm32l4xx_hal_uart_ex.o
                                      0xe04b4 (size before relaxing)

.comment        0x0000000000000000       0x7f
 .comment       0x0000000000000000       0x7f Application/User/MadgwickAHRS.o
                                         0x80 (size before relaxing)
 .comment       0x000000000000007f       0x80 Application/User/lsm6ds0_msg.pb.o
 .comment       0x000000000000007f       0x80 Application/User/main.o
 .comment       0x000000000000007f       0x80 Application/User/pb_common.o
 .comment       0x000000000000007f       0x80 Application/User/pb_encode.o
 .comment       0x000000000000007f       0x80 Application/User/stm32l4xx_hal_msp.o
 .comment       0x000000000000007f       0x80 Application/User/stm32l4xx_it.o
 .comment       0x000000000000007f       0x80 Drivers/CMSIS/system_stm32l4xx.o
 .comment       0x000000000000007f       0x80 Drivers/STM32L4xx_HAL_Driver/stm32l4xx_hal.o
 .comment       0x000000000000007f       0x80 Drivers/STM32L4xx_HAL_Driver/stm32l4xx_hal_cortex.o
 .comment       0x000000000000007f       0x80 Drivers/STM32L4xx_HAL_Driver/stm32l4xx_hal_dma.o
 .comment       0x000000000000007f       0x80 Drivers/STM32L4xx_HAL_Driver/stm32l4xx_hal_gpio.o
 .comment       0x000000000000007f       0x80 Drivers/STM32L4xx_HAL_Driver/stm32l4xx_hal_i2c.o
 .comment       0x000000000000007f       0x80 Drivers/STM32L4xx_HAL_Driver/stm32l4xx_hal_i2c_ex.o
 .comment       0x000000000000007f       0x80 Drivers/STM32L4xx_HAL_Driver/stm32l4xx_hal_pwr_ex.o
 .comment       0x000000000000007f       0x80 Drivers/STM32L4xx_HAL_Driver/stm32l4xx_hal_rcc.o
 .comment       0x000000000000007f       0x80 Drivers/STM32L4xx_HAL_Driver/stm32l4xx_hal_rcc_ex.o
 .comment       0x000000000000007f       0x80 Drivers/STM32L4xx_HAL_Driver/stm32l4xx_hal_uart.o
 .comment       0x000000000000007f       0x80 Drivers/STM32L4xx_HAL_Driver/stm32l4xx_hal_uart_ex.o

.debug_frame    0x0000000000000000     0x22f0
 .debug_frame   0x0000000000000000       0xf4 Application/User/MadgwickAHRS.o
 .debug_frame   0x00000000000000f4       0xd8 Application/User/main.o
 .debug_frame   0x00000000000001cc       0x60 Application/User/pb_common.o
 .debug_frame   0x000000000000022c      0x378 Application/User/pb_encode.o
 .debug_frame   0x00000000000005a4       0x9c Application/User/stm32l4xx_hal_msp.o
 .debug_frame   0x0000000000000640       0x90 Application/User/stm32l4xx_it.o
 .debug_frame   0x00000000000006d0       0x30 Drivers/CMSIS/system_stm32l4xx.o
 .debug_frame   0x0000000000000700      0x23c Drivers/STM32L4xx_HAL_Driver/stm32l4xx_hal.o
 .debug_frame   0x000000000000093c      0x13c Drivers/STM32L4xx_HAL_Driver/stm32l4xx_hal_cortex.o
 .debug_frame   0x0000000000000a78      0x158 Drivers/STM32L4xx_HAL_Driver/stm32l4xx_hal_dma.o
 .debug_frame   0x0000000000000bd0       0xd0 Drivers/STM32L4xx_HAL_Driver/stm32l4xx_hal_gpio.o
 .debug_frame   0x0000000000000ca0      0x81c Drivers/STM32L4xx_HAL_Driver/stm32l4xx_hal_i2c.o
 .debug_frame   0x00000000000014bc       0x80 Drivers/STM32L4xx_HAL_Driver/stm32l4xx_hal_i2c_ex.o
 .debug_frame   0x000000000000153c      0x278 Drivers/STM32L4xx_HAL_Driver/stm32l4xx_hal_pwr_ex.o
 .debug_frame   0x00000000000017b4      0x154 Drivers/STM32L4xx_HAL_Driver/stm32l4xx_hal_rcc.o
 .debug_frame   0x0000000000001908      0x1f4 Drivers/STM32L4xx_HAL_Driver/stm32l4xx_hal_rcc_ex.o
 .debug_frame   0x0000000000001afc      0x55c Drivers/STM32L4xx_HAL_Driver/stm32l4xx_hal_uart.o
 .debug_frame   0x0000000000002058       0xcc Drivers/STM32L4xx_HAL_Driver/stm32l4xx_hal_uart_ex.o
 .debug_frame   0x0000000000002124       0xac /home/kamil/Software/eclipse/plugins/fr.ac6.mcu.externaltools.arm-none.linux64_1.15.0.201708311556/tools/compiler/bin/../lib/gcc/arm-none-eabi/6.3.1/thumb/v7e-m/fpv4-sp/hard/libgcc.a(_arm_addsubdf3.o)
 .debug_frame   0x00000000000021d0       0x50 /home/kamil/Software/eclipse/plugins/fr.ac6.mcu.externaltools.arm-none.linux64_1.15.0.201708311556/tools/compiler/bin/../lib/gcc/arm-none-eabi/6.3.1/thumb/v7e-m/fpv4-sp/hard/libgcc.a(_arm_muldivdf3.o)
 .debug_frame   0x0000000000002220       0x24 /home/kamil/Software/eclipse/plugins/fr.ac6.mcu.externaltools.arm-none.linux64_1.15.0.201708311556/tools/compiler/bin/../lib/gcc/arm-none-eabi/6.3.1/thumb/v7e-m/fpv4-sp/hard/libgcc.a(_arm_truncdfsf2.o)
 .debug_frame   0x0000000000002244       0x2c /home/kamil/Software/eclipse/plugins/fr.ac6.mcu.externaltools.arm-none.linux64_1.15.0.201708311556/tools/compiler/bin/../lib/gcc/arm-none-eabi/6.3.1/thumb/v7e-m/fpv4-sp/hard/libgcc.a(_aeabi_uldivmod.o)
 .debug_frame   0x0000000000002270       0x34 /home/kamil/Software/eclipse/plugins/fr.ac6.mcu.externaltools.arm-none.linux64_1.15.0.201708311556/tools/compiler/bin/../lib/gcc/arm-none-eabi/6.3.1/thumb/v7e-m/fpv4-sp/hard/libgcc.a(_udivmoddi4.o)
 .debug_frame   0x00000000000022a4       0x2c /home/kamil/Software/eclipse/plugins/fr.ac6.mcu.externaltools.arm-none.linux64_1.15.0.201708311556/tools/compiler/bin/../lib/gcc/arm-none-eabi/6.3.1/../../../../arm-none-eabi/lib/thumb/v7e-m/fpv4-sp/hard/libc_nano.a(lib_a-init.o)
 .debug_frame   0x00000000000022d0       0x20 /home/kamil/Software/eclipse/plugins/fr.ac6.mcu.externaltools.arm-none.linux64_1.15.0.201708311556/tools/compiler/bin/../lib/gcc/arm-none-eabi/6.3.1/../../../../arm-none-eabi/lib/thumb/v7e-m/fpv4-sp/hard/libc_nano.a(lib_a-memset.o)
